Release 14.7 - xst P.20131013 (nt)
Copyright (c) 1995-2013 Xilinx, Inc.  All rights reserved.
--> Parameter TMPDIR set to xst/projnav.tmp


Total REAL time to Xst completion: 0.00 secs
Total CPU time to Xst completion: 0.12 secs
 
--> Parameter xsthdpdir set to xst


Total REAL time to Xst completion: 0.00 secs
Total CPU time to Xst completion: 0.12 secs
 
--> Reading design: SCHEME.prj

TABLE OF CONTENTS
  1) Synthesis Options Summary
  2) HDL Compilation
  3) Design Hierarchy Analysis
  4) HDL Analysis
  5) HDL Synthesis
     5.1) HDL Synthesis Report
  6) Advanced HDL Synthesis
     6.1) Advanced HDL Synthesis Report
  7) Low Level Synthesis
  8) Partition Report
  9) Final Report
	9.1) Device utilization summary
	9.2) Partition Resource Summary
	9.3) TIMING REPORT


=========================================================================
*                      Synthesis Options Summary                        *
=========================================================================
---- Source Parameters
Input File Name                    : "SCHEME.prj"
Input Format                       : mixed
Ignore Synthesis Constraint File   : NO

---- Target Parameters
Output File Name                   : "SCHEME"
Output Format                      : NGC
Target Device                      : xc3s500e-5-fg320

---- Source Options
Top Module Name                    : SCHEME
Automatic FSM Extraction           : YES
FSM Encoding Algorithm             : Auto
Safe Implementation                : No
FSM Style                          : LUT
RAM Extraction                     : Yes
RAM Style                          : Auto
ROM Extraction                     : Yes
Mux Style                          : Auto
Decoder Extraction                 : YES
Priority Encoder Extraction        : Yes
Shift Register Extraction          : YES
Logical Shifter Extraction         : YES
XOR Collapsing                     : YES
ROM Style                          : Auto
Mux Extraction                     : Yes
Resource Sharing                   : YES
Asynchronous To Synchronous        : NO
Multiplier Style                   : Auto
Automatic Register Balancing       : No

---- Target Options
Add IO Buffers                     : YES
Global Maximum Fanout              : 100000
Add Generic Clock Buffer(BUFG)     : 24
Register Duplication               : YES
Slice Packing                      : YES
Optimize Instantiated Primitives   : NO
Use Clock Enable                   : Yes
Use Synchronous Set                : Yes
Use Synchronous Reset              : Yes
Pack IO Registers into IOBs        : Auto
Equivalent register Removal        : YES

---- General Options
Optimization Goal                  : Speed
Optimization Effort                : 1
Keep Hierarchy                     : No
Netlist Hierarchy                  : As_Optimized
RTL Output                         : Yes
Global Optimization                : AllClockNets
Read Cores                         : YES
Write Timing Constraints           : NO
Cross Clock Analysis               : NO
Hierarchy Separator                : /
Bus Delimiter                      : <>
Case Specifier                     : Maintain
Slice Utilization Ratio            : 100
BRAM Utilization Ratio             : 100
Verilog 2001                       : YES
Auto BRAM Packing                  : NO
Slice Utilization Ratio Delta      : 5

=========================================================================


=========================================================================
*                          HDL Compilation                              *
=========================================================================
Compiling vhdl file "C:/Users/lab/Desktop/ucisw2_projekt-master-21-05-2-cmmitKopia/vga_800x600.vhd" in Library work.
Architecture behavioral of Entity vga_800x600 is up to date.
Compiling vhdl file "C:/Users/lab/Desktop/ucisw2_projekt-master-21-05-2-cmmitKopia/player_movement.vhd" in Library work.
Architecture behavioral of Entity player_movement is up to date.
Compiling vhdl file "C:/Users/lab/Desktop/ucisw2_projekt-master-21-05-2-cmmitKopia/vga_pixel.vhd" in Library work.
Entity <vga_pixel> compiled.
Entity <vga_pixel> (Architecture <behavioral>) compiled.
Compiling vhdl file "C:/Users/lab/Desktop/ucisw2_projekt-master-21-05-2-cmmitKopia/SCHEME.vhf" in Library work.
Architecture behavioral of Entity scheme is up to date.

=========================================================================
*                     Design Hierarchy Analysis                         *
=========================================================================
Analyzing hierarchy for entity <SCHEME> in library <work> (architecture <behavioral>).

Analyzing hierarchy for entity <vga_800x600> in library <work> (architecture <behavioral>).

Analyzing hierarchy for entity <player_movement> in library <work> (architecture <behavioral>).

Analyzing hierarchy for entity <vga_pixel> in library <work> (architecture <behavioral>).


=========================================================================
*                            HDL Analysis                               *
=========================================================================
Analyzing Entity <SCHEME> in library <work> (Architecture <behavioral>).
WARNING:Xst:753 - "C:/Users/lab/Desktop/ucisw2_projekt-master-21-05-2-cmmitKopia/SCHEME.vhf" line 118: Unconnected output port 'InitOK' of component 'PS2_Mouse'.
WARNING:Xst:2211 - "C:/Users/lab/Desktop/ucisw2_projekt-master-21-05-2-cmmitKopia/SCHEME.vhf" line 118: Instantiating black box module <PS2_Mouse>.
WARNING:Xst:753 - "C:/Users/lab/Desktop/ucisw2_projekt-master-21-05-2-cmmitKopia/SCHEME.vhf" line 130: Unconnected output port 'player_action' of component 'player_movement'.
Entity <SCHEME> analyzed. Unit <SCHEME> generated.

Analyzing Entity <vga_800x600> in library <work> (Architecture <behavioral>).
Entity <vga_800x600> analyzed. Unit <vga_800x600> generated.

Analyzing Entity <player_movement> in library <work> (Architecture <behavioral>).
Entity <player_movement> analyzed. Unit <player_movement> generated.

Analyzing Entity <vga_pixel> in library <work> (Architecture <behavioral>).
INFO:Xst:2679 - Register <enemies<0>.width> in unit <vga_pixel> has a constant value of 00000001010 during circuit operation. The register is replaced by logic.
INFO:Xst:2679 - Register <enemies<0>.height> in unit <vga_pixel> has a constant value of 00000001010 during circuit operation. The register is replaced by logic.
INFO:Xst:2679 - Register <enemies<1>.width> in unit <vga_pixel> has a constant value of 00000001100 during circuit operation. The register is replaced by logic.
INFO:Xst:2679 - Register <enemies<1>.height> in unit <vga_pixel> has a constant value of 00000001010 during circuit operation. The register is replaced by logic.
Entity <vga_pixel> analyzed. Unit <vga_pixel> generated.


=========================================================================
*                           HDL Synthesis                               *
=========================================================================

Performing bidirectional port resolution...

Synthesizing Unit <vga_800x600>.
    Related source file is "C:/Users/lab/Desktop/ucisw2_projekt-master-21-05-2-cmmitKopia/vga_800x600.vhd".
    Found 11-bit comparator greatequal for signal <h_sync$cmp_ge0000> created at line 76.
    Found 11-bit comparator less for signal <h_sync$cmp_lt0000> created at line 76.
    Found 11-bit up counter for signal <hcs>.
    Found 11-bit comparator greatequal for signal <v_sync$cmp_ge0000> created at line 91.
    Found 11-bit comparator less for signal <v_sync$cmp_lt0000> created at line 91.
    Found 11-bit up counter for signal <vcs>.
    Found 12-bit comparator less for signal <vidon$cmp_lt0000> created at line 94.
    Found 12-bit comparator less for signal <vidon$cmp_lt0001> created at line 94.
    Found 1-bit register for signal <vsenable>.
    Summary:
	inferred   2 Counter(s).
	inferred   1 D-type flip-flop(s).
	inferred   6 Comparator(s).
Unit <vga_800x600> synthesized.


Synthesizing Unit <player_movement>.
    Related source file is "C:/Users/lab/Desktop/ucisw2_projekt-master-21-05-2-cmmitKopia/player_movement.vhd".
WARNING:Xst:647 - Input <B1_Status<7:3>> is never used. This port will be preserved and left unconnected if it belongs to a top-level block or it belongs to a sub-block and the hierarchy of this sub-block is preserved.
    Found 3-bit register for signal <in_player_action>.
    Found 1-bit register for signal <in_player_action_ready>.
    Found 11-bit register for signal <in_player_x>.
    Found 11-bit comparator greater for signal <in_player_x$cmp_gt0000> created at line 105.
    Found 11-bit comparator less for signal <in_player_x$cmp_lt0000> created at line 104.
    Found 11-bit addsub for signal <in_player_x$share0000>.
    Found 11-bit register for signal <in_player_y>.
    Found 11-bit comparator greater for signal <in_player_y$cmp_gt0000> created at line 112.
    Found 11-bit comparator less for signal <in_player_y$cmp_lt0000> created at line 111.
    Found 11-bit subtractor for signal <in_player_y$share0000>.
    Found 28-bit up counter for signal <player_action_counter>.
    Summary:
	inferred   1 Counter(s).
	inferred  26 D-type flip-flop(s).
	inferred   2 Adder/Subtractor(s).
	inferred   4 Comparator(s).
Unit <player_movement> synthesized.


Synthesizing Unit <vga_pixel>.
    Related source file is "C:/Users/lab/Desktop/ucisw2_projekt-master-21-05-2-cmmitKopia/vga_pixel.vhd".
WARNING:Xst:1780 - Signal <game_state.IS_PLAYER_COLLISION> is never used or assigned. This unconnected signal will be trimmed during the optimization process.
    Found 1-bit register for signal <blue_out>.
    Found 1-bit register for signal <red_out>.
    Found 1-bit register for signal <green_out>.
    Found 11-bit adder for signal <and0000_0$add0000> created at line 217.
    Found 11-bit adder for signal <and0000_0$addsub0000> created at line 217.
    Found 11-bit adder for signal <and0000_0$addsub0001> created at line 180.
    Found 11-bit subtractor for signal <and0000_0$addsub0002> created at line 217.
    Found 11-bit adder for signal <and0000_0$addsub0003> created at line 180.
    Found 11-bit comparator greater for signal <and0000_0$cmp_gt0000> created at line 180.
    Found 11-bit comparator greater for signal <and0000_0$cmp_gt0001> created at line 180.
    Found 11-bit comparator less for signal <and0000_0$cmp_lt0000> created at line 180.
    Found 11-bit comparator less for signal <and0000_0$cmp_lt0001> created at line 180.
    Found 11-bit adder for signal <and0001_0$add0001> created at line 180.
    Found 11-bit adder for signal <and0001_0$add0002> created at line 217.
    Found 11-bit adder for signal <and0001_0$addsub0000> created at line 217.
    Found 11-bit adder for signal <and0001_0$addsub0001> created at line 180.
    Found 11-bit comparator greater for signal <and0001_0$cmp_gt0000> created at line 180.
    Found 11-bit comparator greater for signal <and0001_0$cmp_gt0001> created at line 180.
    Found 11-bit comparator less for signal <and0001_0$cmp_lt0000> created at line 180.
    Found 11-bit comparator less for signal <and0001_0$cmp_lt0001> created at line 180.
    Found 11-bit adder for signal <and0002_0$add0000> created at line 217.
    Found 11-bit subtractor for signal <and0002_0$addsub0000> created at line 217.
    Found 11-bit adder for signal <and0002_0$addsub0001> created at line 180.
    Found 11-bit adder for signal <and0002_0$addsub0002> created at line 180.
    Found 11-bit comparator greater for signal <and0002_0$cmp_gt0000> created at line 180.
    Found 11-bit comparator less for signal <and0002_0$cmp_lt0000> created at line 180.
    Found 11-bit comparator less for signal <and0002_0$cmp_lt0001> created at line 180.
    Found 11-bit comparator greater for signal <and0003_0$cmp_gt0000> created at line 173.
    Found 11-bit comparator less for signal <and0003_0$cmp_lt0000> created at line 173.
    Found 11-bit adder for signal <and0004_0$addsub0000> created at line 301.
    Found 11-bit comparator greater for signal <and0004_0$cmp_gt0000> created at line 173.
    Found 11-bit comparator less for signal <and0004_0$cmp_lt0000> created at line 173.
    Found 11-bit comparator greater for signal <and0005_0$cmp_gt0000> created at line 173.
    Found 11-bit comparator less for signal <and0005_0$cmp_lt0000> created at line 173.
    Found 11-bit adder for signal <and0006_0$addsub0000> created at line 301.
    Found 11-bit comparator greater for signal <and0006_0$cmp_gt0000> created at line 173.
    Found 11-bit comparator less for signal <and0006_0$cmp_lt0000> created at line 173.
    Found 11-bit comparator greater for signal <and0007_0$cmp_gt0000> created at line 173.
    Found 11-bit comparator less for signal <and0007_0$cmp_lt0000> created at line 173.
    Found 11-bit adder for signal <and0008_0$addsub0000> created at line 301.
    Found 11-bit comparator greater for signal <and0008_0$cmp_gt0000> created at line 173.
    Found 11-bit comparator less for signal <and0008_0$cmp_lt0000> created at line 173.
    Found 11-bit comparator greater for signal <and0009_0$cmp_gt0000> created at line 173.
    Found 11-bit comparator less for signal <and0009_0$cmp_lt0000> created at line 173.
    Found 11-bit adder for signal <and0010_0$addsub0000> created at line 301.
    Found 11-bit comparator greater for signal <and0010_0$cmp_gt0000> created at line 173.
    Found 11-bit comparator less for signal <and0010_0$cmp_lt0000> created at line 173.
    Found 11-bit adder for signal <current_enemy0.Y$add0000> created at line 292.
    Found 11-bit adder for signal <current_enemy0.Y$add0001> created at line 293.
    Found 11-bit adder for signal <current_enemy0.Y$add0002> created at line 292.
    Found 11-bit adder for signal <current_enemy0.Y$add0003> created at line 293.
    Found 11-bit comparator less for signal <current_enemy0.Y$cmp_lt0000> created at line 295.
    Found 11-bit comparator less for signal <current_enemy0.Y$cmp_lt0001> created at line 295.
    Found 4-bit comparator less for signal <current_enemy0.Y$cmp_lt0002> created at line 158.
    Found 4-bit comparator less for signal <current_enemy0.Y$cmp_lt0003> created at line 158.
    Found 11-bit comparator less for signal <current_enemy0.Y$cmp_lt0004> created at line 295.
    Found 11-bit comparator less for signal <current_enemy0.Y$cmp_lt0005> created at line 295.
    Found 4-bit comparator less for signal <current_enemy0.Y$cmp_lt0006> created at line 158.
    Found 4-bit comparator less for signal <current_enemy0.Y$cmp_lt0007> created at line 158.
    Found 11-bit register for signal <enemies<0>.X>.
    Found 4-bit register for signal <enemies<0>.X_velocity>.
    Found 11-bit register for signal <enemies<0>.Y>.
    Found 4-bit register for signal <enemies<0>.Y_velocity>.
    Found 11-bit comparator greatequal for signal <enemies<0>.Y_velocity$cmp_ge0000> created at line 295.
    Found 11-bit comparator greatequal for signal <enemies<0>.Y_velocity$cmp_ge0001> created at line 295.
    Found 11-bit register for signal <enemies<1>.X>.
    Found 4-bit register for signal <enemies<1>.X_velocity>.
    Found 11-bit register for signal <enemies<1>.Y>.
    Found 4-bit register for signal <enemies<1>.Y_velocity>.
    Found 11-bit comparator greatequal for signal <enemies<1>.Y_velocity$cmp_ge0000> created at line 295.
    Found 11-bit comparator greatequal for signal <enemies<1>.Y_velocity$cmp_ge0001> created at line 295.
    Found 4-bit adder for signal <enemy.X_velocity$addsub0000> created at line 126.
    Found 4-bit comparator greater for signal <enemy.Y$cmp_gt0000> created at line 131.
    Found 4-bit comparator greater for signal <enemy.Y$cmp_gt0001> created at line 131.
    Found 4-bit adder for signal <enemy.Y_velocity$addsub0000> created at line 127.
    Found 4-bit adder for signal <enemy0.X_velocity$addsub0000> created at line 126.
    Found 4-bit comparator greater for signal <enemy0.Y$cmp_gt0000> created at line 131.
    Found 4-bit comparator greater for signal <enemy0.Y$cmp_gt0001> created at line 131.
    Found 4-bit comparator less for signal <enemy0.Y$cmp_lt0000> created at line 140.
    Found 4-bit comparator less for signal <enemy0.Y$cmp_lt0001> created at line 149.
    Found 4-bit adder for signal <enemy0.Y_velocity$addsub0000> created at line 127.
    Found 4-bit adder for signal <enemy1.X_velocity$addsub0000> created at line 126.
    Found 4-bit comparator greater for signal <enemy1.Y$cmp_gt0000> created at line 131.
    Found 4-bit comparator greater for signal <enemy1.Y$cmp_gt0001> created at line 131.
    Found 4-bit adder for signal <enemy1.Y_velocity$addsub0000> created at line 127.
    Found 4-bit adder for signal <enemy2.X_velocity$addsub0000> created at line 126.
    Found 4-bit comparator greater for signal <enemy2.Y$cmp_gt0000> created at line 131.
    Found 4-bit comparator greater for signal <enemy2.Y$cmp_gt0001> created at line 131.
    Found 4-bit comparator less for signal <enemy2.Y$cmp_lt0000> created at line 140.
    Found 4-bit comparator less for signal <enemy2.Y$cmp_lt0001> created at line 149.
    Found 4-bit adder for signal <enemy2.Y_velocity$addsub0000> created at line 127.
    Found 1-bit register for signal <game_state.IS_GAME_OVER<0>>.
    Found 2-bit down counter for signal <game_state.PLAYER_LIVES>.
    Found 1-bit register for signal <in_blue_out>.
    Found 11-bit adder for signal <in_blue_out$addsub0000> created at line 263.
    Found 11-bit adder for signal <in_blue_out$addsub0001> created at line 264.
    Found 11-bit adder for signal <in_blue_out$addsub0002> created at line 263.
    Found 11-bit adder for signal <in_blue_out$addsub0003> created at line 264.
    Found 11-bit comparator greater for signal <in_blue_out$cmp_gt0000> created at line 213.
    Found 11-bit comparator greater for signal <in_blue_out$cmp_gt0001> created at line 214.
    Found 2-bit comparator greater for signal <in_blue_out$cmp_gt0002> created at line 217.
    Found 2-bit comparator greater for signal <in_blue_out$cmp_gt0003> created at line 217.
    Found 2-bit comparator greater for signal <in_blue_out$cmp_gt0004> created at line 217.
    Found 11-bit comparator greater for signal <in_blue_out$cmp_gt0005> created at line 263.
    Found 11-bit comparator greater for signal <in_blue_out$cmp_gt0006> created at line 264.
    Found 11-bit comparator greater for signal <in_blue_out$cmp_gt0007> created at line 263.
    Found 11-bit comparator greater for signal <in_blue_out$cmp_gt0008> created at line 264.
    Found 11-bit comparator less for signal <in_blue_out$cmp_lt0000> created at line 213.
    Found 11-bit comparator less for signal <in_blue_out$cmp_lt0001> created at line 214.
    Found 11-bit comparator less for signal <in_blue_out$cmp_lt0002> created at line 263.
    Found 11-bit comparator less for signal <in_blue_out$cmp_lt0003> created at line 264.
    Found 11-bit comparator less for signal <in_blue_out$cmp_lt0004> created at line 263.
    Found 11-bit comparator less for signal <in_blue_out$cmp_lt0005> created at line 264.
    Found 1-bit register for signal <in_green_out>.
    Found 1-bit register for signal <in_red_out>.
    Found 11-bit up accumulator for signal <x_pos_random>.
    Found 11-bit up accumulator for signal <y_pos_random>.
    Summary:
	inferred   1 Counter(s).
	inferred   2 Accumulator(s).
	inferred  67 D-type flip-flop(s).
	inferred  33 Adder/Subtractor(s).
	inferred  66 Comparator(s).
Unit <vga_pixel> synthesized.


Synthesizing Unit <SCHEME>.
    Related source file is "C:/Users/lab/Desktop/ucisw2_projekt-master-21-05-2-cmmitKopia/SCHEME.vhf".
Unit <SCHEME> synthesized.

INFO:Xst:1767 - HDL ADVISOR - Resource sharing has identified that some arithmetic operations in this design can share the same physical resources for reduced device utilization. For improved clock frequency you may try to disable resource sharing.

=========================================================================
HDL Synthesis Report

Macro Statistics
# Adders/Subtractors                                   : 35
 11-bit adder                                          : 23
 11-bit addsub                                         : 1
 11-bit subtractor                                     : 3
 4-bit adder                                           : 8
# Counters                                             : 4
 11-bit up counter                                     : 2
 2-bit down counter                                    : 1
 28-bit up counter                                     : 1
# Accumulators                                         : 2
 11-bit up accumulator                                 : 2
# Registers                                            : 22
 1-bit register                                        : 12
 11-bit register                                       : 6
 4-bit register                                        : 4
# Comparators                                          : 76
 11-bit comparator greatequal                          : 6
 11-bit comparator greater                             : 21
 11-bit comparator less                                : 28
 12-bit comparator less                                : 2
 2-bit comparator greater                              : 3
 4-bit comparator greater                              : 8
 4-bit comparator less                                 : 8

=========================================================================

=========================================================================
*                       Advanced HDL Synthesis                          *
=========================================================================

Reading core <PS2_Mouse.ngc>.
Loading core <PS2_Mouse> for timing and area information for instance <XLXI_10>.

=========================================================================
Advanced HDL Synthesis Report

Macro Statistics
# Adders/Subtractors                                   : 35
 11-bit adder                                          : 23
 11-bit addsub                                         : 1
 11-bit subtractor                                     : 3
 4-bit adder                                           : 8
# Counters                                             : 4
 11-bit up counter                                     : 2
 2-bit down counter                                    : 1
 28-bit up counter                                     : 1
# Accumulators                                         : 2
 11-bit up accumulator                                 : 2
# Registers                                            : 94
 Flip-Flops                                            : 94
# Comparators                                          : 76
 11-bit comparator greatequal                          : 6
 11-bit comparator greater                             : 21
 11-bit comparator less                                : 28
 12-bit comparator less                                : 2
 2-bit comparator greater                              : 3
 4-bit comparator greater                              : 8
 4-bit comparator less                                 : 8

=========================================================================

=========================================================================
*                         Low Level Synthesis                           *
=========================================================================

Optimizing unit <SCHEME> ...

Optimizing unit <vga_800x600> ...

Optimizing unit <player_movement> ...

Optimizing unit <vga_pixel> ...
WARNING:Xst:1293 - FF/Latch <enemies<0>.Y_velocity_0> has a constant value of 0 in block <vga_pixel>. This FF/Latch will be trimmed during the optimization process.
WARNING:Xst:1896 - Due to other FF/Latch trimming, FF/Latch <enemies<0>.X_velocity_0> has a constant value of 0 in block <vga_pixel>. This FF/Latch will be trimmed during the optimization process.
WARNING:Xst:1896 - Due to other FF/Latch trimming, FF/Latch <enemies<1>.Y_velocity_0> has a constant value of 0 in block <vga_pixel>. This FF/Latch will be trimmed during the optimization process.
WARNING:Xst:1896 - Due to other FF/Latch trimming, FF/Latch <enemies<1>.X_velocity_0> has a constant value of 1 in block <vga_pixel>. This FF/Latch will be trimmed during the optimization process.
WARNING:Xst:1293 - FF/Latch <enemies<0>.Y_velocity_0> has a constant value of 0 in block <vga_pixel>. This FF/Latch will be trimmed during the optimization process.
WARNING:Xst:1896 - Due to other FF/Latch trimming, FF/Latch <enemies<0>.X_velocity_0> has a constant value of 0 in block <vga_pixel>. This FF/Latch will be trimmed during the optimization process.
WARNING:Xst:1896 - Due to other FF/Latch trimming, FF/Latch <enemies<1>.Y_velocity_0> has a constant value of 0 in block <vga_pixel>. This FF/Latch will be trimmed during the optimization process.
WARNING:Xst:1896 - Due to other FF/Latch trimming, FF/Latch <enemies<1>.X_velocity_0> has a constant value of 1 in block <vga_pixel>. This FF/Latch will be trimmed during the optimization process.
WARNING:Xst:1293 - FF/Latch <enemies<0>.Y_velocity_1> has a constant value of 1 in block <vga_pixel>. This FF/Latch will be trimmed during the optimization process.
WARNING:Xst:1896 - Due to other FF/Latch trimming, FF/Latch <enemies<0>.X_velocity_1> has a constant value of 1 in block <vga_pixel>. This FF/Latch will be trimmed during the optimization process.
WARNING:Xst:1896 - Due to other FF/Latch trimming, FF/Latch <enemies<1>.Y_velocity_1> has a constant value of 1 in block <vga_pixel>. This FF/Latch will be trimmed during the optimization process.
WARNING:Xst:1293 - FF/Latch <enemies<0>.Y_velocity_0> has a constant value of 0 in block <vga_pixel>. This FF/Latch will be trimmed during the optimization process.
WARNING:Xst:1896 - Due to other FF/Latch trimming, FF/Latch <enemies<0>.Y_velocity_1> has a constant value of 1 in block <vga_pixel>. This FF/Latch will be trimmed during the optimization process.
WARNING:Xst:1896 - Due to other FF/Latch trimming, FF/Latch <enemies<0>.X_velocity_0> has a constant value of 0 in block <vga_pixel>. This FF/Latch will be trimmed during the optimization process.
WARNING:Xst:1896 - Due to other FF/Latch trimming, FF/Latch <enemies<0>.X_velocity_1> has a constant value of 1 in block <vga_pixel>. This FF/Latch will be trimmed during the optimization process.
WARNING:Xst:1896 - Due to other FF/Latch trimming, FF/Latch <enemies<1>.Y_velocity_0> has a constant value of 0 in block <vga_pixel>. This FF/Latch will be trimmed during the optimization process.
WARNING:Xst:1896 - Due to other FF/Latch trimming, FF/Latch <enemies<1>.Y_velocity_1> has a constant value of 1 in block <vga_pixel>. This FF/Latch will be trimmed during the optimization process.
WARNING:Xst:1896 - Due to other FF/Latch trimming, FF/Latch <enemies<1>.X_velocity_0> has a constant value of 1 in block <vga_pixel>. This FF/Latch will be trimmed during the optimization process.
WARNING:Xst:1293 - FF/Latch <enemies<0>.Y_velocity_0> has a constant value of 0 in block <vga_pixel>. This FF/Latch will be trimmed during the optimization process.
WARNING:Xst:1896 - Due to other FF/Latch trimming, FF/Latch <enemies<0>.Y_velocity_1> has a constant value of 1 in block <vga_pixel>. This FF/Latch will be trimmed during the optimization process.
WARNING:Xst:1896 - Due to other FF/Latch trimming, FF/Latch <enemies<0>.X_velocity_0> has a constant value of 0 in block <vga_pixel>. This FF/Latch will be trimmed during the optimization process.
WARNING:Xst:1896 - Due to other FF/Latch trimming, FF/Latch <enemies<0>.X_velocity_1> has a constant value of 1 in block <vga_pixel>. This FF/Latch will be trimmed during the optimization process.
WARNING:Xst:1896 - Due to other FF/Latch trimming, FF/Latch <enemies<1>.Y_velocity_0> has a constant value of 0 in block <vga_pixel>. This FF/Latch will be trimmed during the optimization process.
WARNING:Xst:1896 - Due to other FF/Latch trimming, FF/Latch <enemies<1>.Y_velocity_1> has a constant value of 1 in block <vga_pixel>. This FF/Latch will be trimmed during the optimization process.
WARNING:Xst:1896 - Due to other FF/Latch trimming, FF/Latch <enemies<1>.X_velocity_0> has a constant value of 1 in block <vga_pixel>. This FF/Latch will be trimmed during the optimization process.

Mapping all equations...
Building and optimizing final netlist ...
Found area constraint ratio of 100 (+ 5) on block SCHEME, actual ratio is 14.
FlipFlop XLXI_22/enemies<0>.X_velocity_3 has been replicated 1 time(s)
FlipFlop XLXI_22/enemies<0>.Y_velocity_3 has been replicated 1 time(s)
FlipFlop XLXI_22/enemies<1>.X_velocity_3 has been replicated 1 time(s)

Final Macro Processing ...

=========================================================================
Final Register Report

Macro Statistics
# Registers                                            : 164
 Flip-Flops                                            : 164

=========================================================================

=========================================================================
*                           Partition Report                            *
=========================================================================

Partition Implementation Status
-------------------------------

  No Partitions were found in this design.

-------------------------------

=========================================================================
*                            Final Report                               *
=========================================================================
Final Results
RTL Top Level Output File Name     : SCHEME.ngr
Top Level Output File Name         : SCHEME
Output Format                      : NGC
Optimization Goal                  : Speed
Keep Hierarchy                     : No

Design Statistics
# IOs                              : 9

Cell Usage :
# BELS                             : 2310
#      GND                         : 2
#      INV                         : 76
#      LUT1                        : 201
#      LUT2                        : 461
#      LUT2_D                      : 10
#      LUT2_L                      : 1
#      LUT3                        : 54
#      LUT3_D                      : 21
#      LUT3_L                      : 6
#      LUT4                        : 292
#      LUT4_D                      : 26
#      LUT4_L                      : 16
#      MUXCY                       : 784
#      MUXF5                       : 7
#      MUXF6                       : 1
#      VCC                         : 2
#      XORCY                       : 350
# FlipFlops/Latches                : 243
#      FD                          : 33
#      FDC                         : 11
#      FDCE                        : 11
#      FDE                         : 126
#      FDR                         : 4
#      FDRE                        : 45
#      FDRS                        : 3
#      FDRSE                       : 1
#      FDS                         : 1
#      FDSE                        : 8
# Shift Registers                  : 1
#      SRL16E                      : 1
# Clock Buffers                    : 1
#      BUFGP                       : 1
# IO Buffers                       : 8
#      IBUF                        : 1
#      IOBUF                       : 2
#      OBUF                        : 5
=========================================================================

Device utilization summary:
---------------------------

Selected Device : 3s500efg320-5 

 Number of Slices:                      643  out of   4656    13%  
 Number of Slice Flip Flops:            243  out of   9312     2%  
 Number of 4 input LUTs:               1165  out of   9312    12%  
    Number used as logic:              1164
    Number used as Shift registers:       1
 Number of IOs:                           9
 Number of bonded IOBs:                   9  out of    232     3%  
 Number of GCLKs:                         1  out of     24     4%  

---------------------------
Partition Resource Summary:
---------------------------

  No Partitions were found in this design.

---------------------------


=========================================================================
TIMING REPORT

NOTE: THESE TIMING NUMBERS ARE ONLY A SYNTHESIS ESTIMATE.
      FOR ACCURATE TIMING INFORMATION PLEASE REFER TO THE TRACE REPORT
      GENERATED AFTER PLACE-and-ROUTE.

Clock Information:
------------------
-----------------------------------+------------------------+-------+
Clock Signal                       | Clock buffer(FF name)  | Load  |
-----------------------------------+------------------------+-------+
Clk_50MHz                          | BUFGP                  | 244   |
-----------------------------------+------------------------+-------+

Asynchronous Control Signals Information:
----------------------------------------
-----------------------------------+------------------------+-------+
Control Signal                     | Buffer(FF name)        | Load  |
-----------------------------------+------------------------+-------+
btn_south                          | IBUF                   | 22    |
-----------------------------------+------------------------+-------+

Timing Summary:
---------------
Speed Grade: -5

   Minimum period: 13.531ns (Maximum Frequency: 73.902MHz)
   Minimum input arrival time before clock: 5.671ns
   Maximum output required time after clock: 7.888ns
   Maximum combinational path delay: No path found

Timing Detail:
--------------
All values displayed in nanoseconds (ns)

=========================================================================
Timing constraint: Default period analysis for Clock 'Clk_50MHz'
  Clock period: 13.531ns (frequency: 73.902MHz)
  Total number of paths / destination ports: 3801459 / 480
-------------------------------------------------------------------------
Delay:               13.531ns (Levels of Logic = 28)
  Source:            XLXI_22/enemies<0>.X_0 (FF)
  Destination:       XLXI_22/enemies<0>.X_8 (FF)
  Source Clock:      Clk_50MHz rising
  Destination Clock: Clk_50MHz rising

  Data Path: XLXI_22/enemies<0>.X_0 to XLXI_22/enemies<0>.X_8
                                Gate     Net
    Cell:in->out      fanout   Delay   Delay  Logical Name (Net Name)
    ----------------------------------------  ------------
     FDE:C->Q              3   0.514   0.603  XLXI_22/enemies<0>.X_0 (XLXI_22/enemies<0>.X_0)
     LUT1:I0->O            1   0.612   0.000  XLXI_22/Madd_current_enemy0.Y_add0000_cy<0>_rt (XLXI_22/Madd_current_enemy0.Y_add0000_cy<0>_rt)
     MUXCY:S->O            1   0.404   0.000  XLXI_22/Madd_current_enemy0.Y_add0000_cy<0> (XLXI_22/Madd_current_enemy0.Y_add0000_cy<0>)
     MUXCY:CI->O           1   0.052   0.000  XLXI_22/Madd_current_enemy0.Y_add0000_cy<1> (XLXI_22/Madd_current_enemy0.Y_add0000_cy<1>)
     MUXCY:CI->O           1   0.052   0.000  XLXI_22/Madd_current_enemy0.Y_add0000_cy<2> (XLXI_22/Madd_current_enemy0.Y_add0000_cy<2>)
     MUXCY:CI->O           1   0.052   0.000  XLXI_22/Madd_current_enemy0.Y_add0000_cy<3> (XLXI_22/Madd_current_enemy0.Y_add0000_cy<3>)
     MUXCY:CI->O           1   0.052   0.000  XLXI_22/Madd_current_enemy0.Y_add0000_cy<4> (XLXI_22/Madd_current_enemy0.Y_add0000_cy<4>)
     MUXCY:CI->O           1   0.052   0.000  XLXI_22/Madd_current_enemy0.Y_add0000_cy<5> (XLXI_22/Madd_current_enemy0.Y_add0000_cy<5>)
     MUXCY:CI->O           1   0.052   0.000  XLXI_22/Madd_current_enemy0.Y_add0000_cy<6> (XLXI_22/Madd_current_enemy0.Y_add0000_cy<6>)
     MUXCY:CI->O           1   0.052   0.000  XLXI_22/Madd_current_enemy0.Y_add0000_cy<7> (XLXI_22/Madd_current_enemy0.Y_add0000_cy<7>)
     MUXCY:CI->O           1   0.052   0.000  XLXI_22/Madd_current_enemy0.Y_add0000_cy<8> (XLXI_22/Madd_current_enemy0.Y_add0000_cy<8>)
     MUXCY:CI->O           0   0.052   0.000  XLXI_22/Madd_current_enemy0.Y_add0000_cy<9> (XLXI_22/Madd_current_enemy0.Y_add0000_cy<9>)
     XORCY:CI->O          53   0.699   1.109  XLXI_22/Madd_current_enemy0.Y_add0000_xor<10> (XLXI_22/current_enemy0_Y_add0000<10>)
     LUT4:I2->O            1   0.612   0.000  XLXI_22/Madd_and0006_0_addsub0000_lut<1> (XLXI_22/Madd_and0006_0_addsub0000_lut<1>)
     MUXCY:S->O            1   0.404   0.000  XLXI_22/Madd_and0006_0_addsub0000_cy<1> (XLXI_22/Madd_and0006_0_addsub0000_cy<1>)
     MUXCY:CI->O           1   0.052   0.000  XLXI_22/Madd_and0006_0_addsub0000_cy<2> (XLXI_22/Madd_and0006_0_addsub0000_cy<2>)
     MUXCY:CI->O           1   0.052   0.000  XLXI_22/Madd_and0006_0_addsub0000_cy<3> (XLXI_22/Madd_and0006_0_addsub0000_cy<3>)
     MUXCY:CI->O           1   0.052   0.000  XLXI_22/Madd_and0006_0_addsub0000_cy<4> (XLXI_22/Madd_and0006_0_addsub0000_cy<4>)
     MUXCY:CI->O           1   0.051   0.000  XLXI_22/Madd_and0006_0_addsub0000_cy<5> (XLXI_22/Madd_and0006_0_addsub0000_cy<5>)
     MUXCY:CI->O           1   0.051   0.000  XLXI_22/Madd_and0006_0_addsub0000_cy<6> (XLXI_22/Madd_and0006_0_addsub0000_cy<6>)
     MUXCY:CI->O           1   0.051   0.000  XLXI_22/Madd_and0006_0_addsub0000_cy<7> (XLXI_22/Madd_and0006_0_addsub0000_cy<7>)
     MUXCY:CI->O           1   0.051   0.000  XLXI_22/Madd_and0006_0_addsub0000_cy<8> (XLXI_22/Madd_and0006_0_addsub0000_cy<8>)
     XORCY:CI->O           2   0.699   0.449  XLXI_22/Madd_and0006_0_addsub0000_xor<9> (XLXI_22/and0006_0_addsub0000<9>)
     LUT2:I1->O            1   0.612   0.000  XLXI_22/Mcompar_and0006_0_cmp_lt0000_lut<9> (XLXI_22/Mcompar_and0006_0_cmp_lt0000_lut<9>)
     MUXCY:S->O            1   0.752   0.426  XLXI_22/Mcompar_and0006_0_cmp_lt0000_cy<9> (XLXI_22/Mcompar_and0006_0_cmp_lt0000_cy<9>)
     LUT3:I1->O            3   0.612   0.603  XLXI_22/Mcompar_and0006_0_cmp_lt0000_cy<10> (XLXI_22/Mcompar_and0006_0_cmp_lt0000_cy<10>)
     LUT4:I0->O           19   0.612   0.925  XLXI_22/enemies<0>_Y_velocity_not00011212_1 (XLXI_22/enemies<0>_Y_velocity_not00011212)
     LUT4_D:I3->O          5   0.612   0.568  XLXI_22/enemies<0>_X_mux0000<1>2 (XLXI_22/N36)
     LUT4:I2->O            1   0.612   0.000  XLXI_22/enemies<0>_X_mux0000<8> (XLXI_22/enemies<0>_X_mux0000<8>)
     FDE:D                     0.268          XLXI_22/enemies<0>.X_8
    ----------------------------------------
    Total                     13.531ns (8.848ns logic, 4.683ns route)
                                       (65.4% logic, 34.6% route)

=========================================================================
Timing constraint: Default OFFSET IN BEFORE for Clock 'Clk_50MHz'
  Total number of paths / destination ports: 70 / 70
-------------------------------------------------------------------------
Offset:              5.671ns (Levels of Logic = 3)
  Source:            btn_south (PAD)
  Destination:       XLXI_22/enemies<1>.X_velocity_3 (FF)
  Destination Clock: Clk_50MHz rising

  Data Path: btn_south to XLXI_22/enemies<1>.X_velocity_3
                                Gate     Net
    Cell:in->out      fanout   Delay   Delay  Logical Name (Net Name)
    ----------------------------------------  ------------
     IBUF:I->O            37   1.106   1.143  btn_south_IBUF (btn_south_IBUF)
     LUT4:I1->O           46   0.612   1.146  XLXI_22/enemies<0>_Y_velocity_not000121 (XLXI_22/enemies<1>_X_not0001)
     LUT4:I1->O            6   0.612   0.569  XLXI_22/enemies<1>_Y_velocity_not00011 (XLXI_22/enemies<1>_Y_velocity_not0001)
     FDE:CE                    0.483          XLXI_22/enemies<1>.Y_velocity_2
    ----------------------------------------
    Total                      5.671ns (2.813ns logic, 2.858ns route)
                                       (49.6% logic, 50.4% route)

=========================================================================
Timing constraint: Default OFFSET OUT AFTER for Clock 'Clk_50MHz'
  Total number of paths / destination ports: 37 / 7
-------------------------------------------------------------------------
Offset:              7.888ns (Levels of Logic = 10)
  Source:            XLXI_5/vcs_0 (FF)
  Destination:       VGA_VS (PAD)
  Source Clock:      Clk_50MHz rising

  Data Path: XLXI_5/vcs_0 to VGA_VS
                                Gate     Net
    Cell:in->out      fanout   Delay   Delay  Logical Name (Net Name)
    ----------------------------------------  ------------
     FDCE:C->Q            16   0.514   1.031  XLXI_5/vcs_0 (XLXI_5/vcs_0)
     LUT1:I0->O            1   0.612   0.000  XLXI_5/Mcompar_v_sync_cmp_ge0000_cy<0>_rt (XLXI_5/Mcompar_v_sync_cmp_ge0000_cy<0>_rt)
     MUXCY:S->O            1   0.404   0.000  XLXI_5/Mcompar_v_sync_cmp_ge0000_cy<0> (XLXI_5/Mcompar_v_sync_cmp_ge0000_cy<0>)
     MUXCY:CI->O           1   0.051   0.000  XLXI_5/Mcompar_v_sync_cmp_ge0000_cy<1> (XLXI_5/Mcompar_v_sync_cmp_ge0000_cy<1>)
     MUXCY:CI->O           1   0.051   0.000  XLXI_5/Mcompar_v_sync_cmp_ge0000_cy<2> (XLXI_5/Mcompar_v_sync_cmp_ge0000_cy<2>)
     MUXCY:CI->O           1   0.051   0.000  XLXI_5/Mcompar_v_sync_cmp_ge0000_cy<3> (XLXI_5/Mcompar_v_sync_cmp_ge0000_cy<3>)
     MUXCY:CI->O           1   0.051   0.000  XLXI_5/Mcompar_v_sync_cmp_ge0000_cy<4> (XLXI_5/Mcompar_v_sync_cmp_ge0000_cy<4>)
     MUXCY:CI->O           1   0.051   0.000  XLXI_5/Mcompar_v_sync_cmp_ge0000_cy<5> (XLXI_5/Mcompar_v_sync_cmp_ge0000_cy<5>)
     MUXCY:CI->O           1   0.399   0.509  XLXI_5/Mcompar_v_sync_cmp_ge0000_cy<6> (XLXI_5/v_sync_cmp_ge0000)
     LUT2:I0->O            2   0.612   0.380  XLXI_5/v_sync1 (VGA_VS_OBUF)
     OBUF:I->O                 3.169          VGA_VS_OBUF (VGA_VS)
    ----------------------------------------
    Total                      7.888ns (5.968ns logic, 1.920ns route)
                                       (75.7% logic, 24.3% route)

=========================================================================


Total REAL time to Xst completion: 14.00 secs
Total CPU time to Xst completion: 13.95 secs
 
--> 

Total memory usage is 221680 kilobytes

Number of errors   :    0 (   0 filtered)
Number of warnings :   30 (   0 filtered)
Number of infos    :    5 (   0 filtered)

