V3 17
FL C:/Users/lab/Desktop/ucisw2_projekt-mouse-integration/player_movement.vhd 2018/04/26.08:36:40 P.20131013
EN work/player_movement 1524732735 \
      FL C:/Users/lab/Desktop/ucisw2_projekt-mouse-integration/player_movement.vhd \
      PB ieee/std_logic_1164 1381692176 PB ieee/STD_LOGIC_UNSIGNED 1381692179 \
      PB ieee/NUMERIC_STD 1381692181
AR work/player_movement/Behavioral 1524732736 \
      FL C:/Users/lab/Desktop/ucisw2_projekt-mouse-integration/player_movement.vhd \
      EN work/player_movement 1524732735
FL C:/Users/lab/Desktop/ucisw2_projekt-mouse-integration/SCHEME.vhf 2018/04/26.10:18:29 P.20131013
EN work/SCHEME 1524732739 \
      FL C:/Users/lab/Desktop/ucisw2_projekt-mouse-integration/SCHEME.vhf \
      PB ieee/std_logic_1164 1381692176 PB ieee/NUMERIC_STD 1381692181 LB UNISIM \
      PH unisim/VCOMPONENTS 1381692182
AR work/SCHEME/BEHAVIORAL 1524732740 \
      FL C:/Users/lab/Desktop/ucisw2_projekt-mouse-integration/SCHEME.vhf \
      EN work/SCHEME 1524732739 CP vga_800x600 CP player_movement CP PS2_Mouse \
      CP vga_pixel
FL C:/Users/lab/Desktop/ucisw2_projekt-mouse-integration/vga_800x600.vhd 2018/04/26.08:10:22 P.20131013
EN work/vga_800x600 1524732733 \
      FL C:/Users/lab/Desktop/ucisw2_projekt-mouse-integration/vga_800x600.vhd \
      PB ieee/std_logic_1164 1381692176 PB ieee/STD_LOGIC_UNSIGNED 1381692179 \
      PB ieee/NUMERIC_STD 1381692181
AR work/vga_800x600/Behavioral 1524732734 \
      FL C:/Users/lab/Desktop/ucisw2_projekt-mouse-integration/vga_800x600.vhd \
      EN work/vga_800x600 1524732733
FL C:/Users/lab/Desktop/ucisw2_projekt-mouse-integration/vga_pixel.vhd 2018/04/26.10:52:03 P.20131013
EN work/vga_pixel 1524732737 \
      FL C:/Users/lab/Desktop/ucisw2_projekt-mouse-integration/vga_pixel.vhd \
      PB ieee/std_logic_1164 1381692176 PB ieee/NUMERIC_STD 1381692181
AR work/vga_pixel/Behavioral 1524732738 \
      FL C:/Users/lab/Desktop/ucisw2_projekt-mouse-integration/vga_pixel.vhd \
      EN work/vga_pixel 1524732737
